workshop_id,create_timestamp,geox,geoy
AT0130,1637208053923,11.43613,47.27617
AT0146,1637208053923,12.04674,47.48702
AT0155,1637208053923,13.50464,46.81535
AT0159,1637208053923,15.35907,47.47166
AT0185,1637208053923,14.62908,48.24416
AT0188,1637208053923,14.11706,47.90525
